// Jest Snapshot v1, https://goo.gl/fbAQLP

exports[`Header renders correctly 1`] = `
<header
  style={
    Object {
      "background": "#eee",
      "margin": "0 auto",
      "marginBottom": "1.45rem",
    }
  }
>
  <div
    className="sc-bdVaJa fcINJh"
  >
    <div
      className="sc-bwzfXH irtPBW"
    >
      <img
        alt="logo"
        src="test-file-stub"
      />
      <a
        href="/"
        style={
          Object {
            "color": "#2D3142",
            "textDecoration": "none",
          }
        }
      >
        <h1>
          Default Starter
        </h1>
      </a>
    </div>
  </div>
</header>
`;
